Microchip MPLAB XC8 Compiler V1.45 ()

Linker command line:

-W-3 --edf=E:\Programs\Microchip\xc8\v1.45\dat\en_msgs.txt -cs \
  -h+dist/default/production\581072_Bogdanova_v3_Generator.X.production.sym \
  --cmf=dist/default/production\581072_Bogdanova_v3_Generator.X.production.cmf \
  -z -Q16F84A -oC:\Users\Admin\AppData\Local\Temp\s9pc.2 \
  -Mdist/default/production/581072_Bogdanova_v3_Generator.X.production.map \
  -E1 -ver=XC8 -ASTACK=024h-04dh -pstack=STACK -ACODE=00h-03FFh \
  -ASTRCODE=00h-03FFh -ASTRING=00h-0FFhx4 -ACONST=00h-0FFhx4 \
  -AENTRY=00h-0FFhx4 -ABANK0=0Ch-04Dh -ARAM=0Ch-04Dh -AABS1=0Ch-04Fh \
  -ACOMMON=04Eh-04Fh -ASFR0=00h-0Bh -ASFR1=080h-0CDh \
  -preset_vec=00h,intentry=04h,init,end_init -ppowerup=CODE -pcinit=CODE \
  -pfunctab=ENTRY -ACONFIG=02007h-02007h -pconfig=CONFIG -DCONFIG=2 \
  -AIDLOC=02000h-02003h -pidloc=IDLOC -DIDLOC=2 -AEEDATA=00h-03Fh/02100h \
  -peeprom_data=EEDATA -DEEDATA=2 -DCODE=2 -DSTRCODE=2 -DSTRING=2 -DCONST=2 \
  -DENTRY=2 -k C:\Users\Admin\AppData\Local\Temp\s9pc.obj \
  dist/default/production\581072_Bogdanova_v3_Generator.X.production.obj 

Object code version is 3.11

Machine type is 16F84A



                Name                               Link     Load   Length Selector   Space Scale
C:\Users\Admin\AppData\Local\Temp\s9pc.obj
                end_init                              F        F        1        8       0
                reset_vec                             0        0        1        0       0
dist/default/production\581072_Bogdanova_v3_Generator.X.production.obj
                cinit                                10       10        6        8       0
                intentry                              4        4        B        8       0
                text7                               114      114        D        8       0
                text6                                F6       F6       1E        8       0
                text5                               128      128        7        8       0
                text4                                7B       7B       4C        8       0
                text3                                16       16       65        8       0
                text2                               121      121        7        8       0
                text1                               12F      12F        2        8       0
                maintext                             C7       C7       2F        8       0
                cstackBANK0                           C        C       15        C       1
                bssBANK0                             21       21        3        C       1

TOTAL           Name                               Link     Load   Length     Space
        CLASS   STACK          

        CLASS   CODE           
                end_init                              F        F        1         0
                cinit                                10       10        6         0
                intentry                              4        4        B         0
                reset_vec                             0        0        1         0
                text7                               114      114        D         0
                text6                                F6       F6       1E         0
                text5                               128      128        7         0
                text4                                7B       7B       4C         0
                text3                                16       16       65         0
                text2                               121      121        7         0
                text1                               12F      12F        2         0
                maintext                             C7       C7       2F         0

        CLASS   STRCODE        

        CLASS   STRING         

        CLASS   CONST          

        CLASS   ENTRY          

        CLASS   BANK0          
                cstackBANK0                           C        C       15         1
                bssBANK0                             21       21        3         1

        CLASS   RAM            

        CLASS   ABS1           
                abs_s1                               4E       4E        2         1

        CLASS   COMMON         

        CLASS   SFR0           

        CLASS   SFR1           

        CLASS   CONFIG         

        CLASS   IDLOC          

        CLASS   EEDATA         

        CLASS   BANK1          



SEGMENTS        Name                           Load    Length   Top    Selector   Space  Class     Delta

                reset_vec                      000000  000001  000001         0       0  CODE        2
                intentry                       000004  00012D  000131         8       0  CODE        2
                cstackBANK0                    00000C  000018  000024         C       1  BANK0       1


UNUSED ADDRESS RANGES

        Name                Unused          Largest block    Delta
        BANK0            024-04D            2A           1
        CODE             001-003             3           2
                         131-3FF           2CF
        CONFIG           2007-2007             1           2
        CONST            001-003             3           2
                         131-3FF           100
        EEDATA           2100-213F            40           2
        ENTRY            001-003             3           2
                         131-3FF           100
        IDLOC            2000-2003             4           2
        RAM              024-04D            2A           1
        SFR0             000-00B             C           1
        SFR1             080-0CD            4E           1
        STACK            024-04D            2A           1
        STRCODE          001-003             3           2
                         131-3FF           2CF
        STRING           001-003             3           2
                         131-3FF           100

                                  Symbol Table

?___awmod                cstackBANK0  012
_INTCON                  (abs)        00B
_INTCONbits              (abs)        00B
_OPTION_REGbits          (abs)        081
_PORTA                   (abs)        005
_PORTB                   (abs)        006
_RB0                     (abs)        030
_RB1                     (abs)        031
_RB2                     (abs)        032
_RB4                     (abs)        034
_RB5                     (abs)        035
_RB6                     (abs)        036
_RB7                     (abs)        037
_TMR0                    (abs)        001
_TMR0IF                  (abs)        05A
_TRISA                   (abs)        085
_TRISB                   (abs)        086
__Habs1                  abs1         000
__Hbank0                 bank0        000
__Hbank1                 bank1        000
__HbssBANK0              bssBANK0     000
__Hcinit                 cinit        016
__Hclrtext               clrtext      000
__Hcode                  code         000
__Hcommon                common       000
__Hconfig                config       000
__HcstackBANK0           cstackBANK0  000
__HcstackCOMMON          cstackCOMMON 000
__Heeprom_data           eeprom_data  000
__Hend_init              end_init     010
__Hfunctab               functab      000
__Hidloc                 idloc        000
__Hinit                  init         00F
__Hintentry              intentry     00F
__Hmaintext              maintext     000
__Hpowerup               powerup      000
__Hram                   ram          000
__Hreset_vec             reset_vec    001
__Hsfr0                  sfr0         000
__Hsfr1                  sfr1         000
__Hspace_0               (abs)        131
__Hspace_1               (abs)        024
__Hspace_2               (abs)        000
__Hspace_3               (abs)        000
__Hstack                 stack        000
__Hstrings               strings      000
__Htext                  text         000
__Labs1                  abs1         000
__Lbank0                 bank0        000
__Lbank1                 bank1        000
__LbssBANK0              bssBANK0     000
__Lcinit                 cinit        010
__Lclrtext               clrtext      000
__Lcode                  code         000
__Lcommon                common       000
__Lconfig                config       000
__LcstackBANK0           cstackBANK0  000
__LcstackCOMMON          cstackCOMMON 000
__Leeprom_data           eeprom_data  000
__Lend_init              end_init     00F
__Lfunctab               functab      000
__Lidloc                 idloc        000
__Linit                  init         00F
__Lintentry              intentry     004
__Lmaintext              maintext     000
__Lpowerup               powerup      000
__Lram                   ram          000
__Lreset_vec             reset_vec    000
__Lsfr0                  sfr0         000
__Lsfr1                  sfr1         000
__Lspace_0               (abs)        000
__Lspace_1               (abs)        000
__Lspace_2               (abs)        000
__Lspace_3               (abs)        000
__Lstack                 stack        000
__Lstrings               strings      000
__Ltext                  text         000
__S0                     (abs)        131
__S1                     (abs)        024
__S2                     (abs)        000
__S3                     (abs)        000
___awmod                 text4        07B
___awmod@counter         cstackBANK0  017
___awmod@dividend        cstackBANK0  014
___awmod@divisor         cstackBANK0  012
___awmod@sign            cstackBANK0  018
___int_sp                stack        000
___latbits               (abs)        000
___sp                    stack        000
__end_of___awmod         text4        0C7
__end_of__initialization cinit        014
__end_of_initCode        text5        12F
__end_of_main            maintext     0F6
__end_of_nextCode        text7        121
__end_of_readKey         text3        07B
__end_of_startTimer      text2        128
__end_of_stopTimer       text1        131
__end_of_tcInt           text6        114
__initialization         cinit        010
__pbssBANK0              bssBANK0     021
__pcstackBANK0           cstackBANK0  00C
__pcstackCOMMON          cstackCOMMON 000
__pintentry              intentry     004
__pmaintext              maintext     0C7
__ptext1                 text1        12F
__ptext2                 text2        121
__ptext3                 text3        016
__ptext4                 text4        07B
__ptext5                 text5        128
__ptext6                 text6        0F6
__ptext7                 text7        114
__size_of___awmod        (abs)        000
__size_of_initCode       (abs)        000
__size_of_main           (abs)        000
__size_of_nextCode       (abs)        000
__size_of_readKey        (abs)        000
__size_of_startTimer     (abs)        000
__size_of_stopTimer      (abs)        000
__size_of_tcInt          (abs)        000
_code                    bssBANK0     022
_codeType                bssBANK0     023
_initCode                text5        128
_interrupts              bssBANK0     021
_main                    maintext     0C7
_nextCode                text7        114
_readKey                 text3        016
_startTimer              text2        121
_stopTimer               text1        12F
_tcInt                   text6        0F6
btemp                    (abs)        04E
end_of_initialization    cinit        014
interrupt_function       intentry     004
intlevel0                functab      000
intlevel1                functab      000
intlevel2                functab      000
intlevel3                functab      000
intlevel4                functab      000
intlevel5                functab      000
main@key                 cstackBANK0  020
reset_vec                reset_vec    000
saved_w                  (abs)        04E
stackhi                  (abs)        000
stacklo                  (abs)        000
start                    init         00F
start_initialization     cinit        010
wtemp0                   (abs)        04E


FUNCTION INFORMATION:

 *************** function _main *****************
 Defined at:
		line 132 in file "main.c"
 Parameters:    Size  Location     Type
  argc            2   15[BANK0 ] int 
  argv            2   17[BANK0 ] PTR PTR unsigned char 
 Auto vars:     Size  Location     Type
  key             1   20[BANK0 ] unsigned char 
 Return value:  Size  Location     Type
                  2   15[BANK0 ] int 
 Registers used:
		wreg, status,2, status,0, pclath, cstack
 Tracked objects:
		On entry : 
		On exit  : 
		Unchanged: 
 Data sizes:     COMMON   BANK0
      Params:         0       4
      Locals:         0       1
      Temps:          0       1
      Totals:         0       6
Total ram usage:        6 bytes
 Hardware stack levels required when called:    4
 This function calls:
		_initCode
		_readKey
		_startTimer
		_stopTimer
 This function is called by:
		Startup code after reset
 This function uses a non-reentrant model


 *************** function _stopTimer *****************
 Defined at:
		line 125 in file "main.c"
 Parameters:    Size  Location     Type
		None
 Auto vars:     Size  Location     Type
		None
 Return value:  Size  Location     Type
                  1    wreg      void 
 Registers used:
		None
 Tracked objects:
		On entry : 
		On exit  : 
		Unchanged: 
 Data sizes:     COMMON   BANK0
      Params:         0       0
      Locals:         0       0
      Temps:          0       0
      Totals:         0       0
Total ram usage:        0 bytes
 Hardware stack levels used:    1
 Hardware stack levels required when called:    2
 This function calls:
		Nothing
 This function is called by:
		_main
 This function uses a non-reentrant model


 *************** function _startTimer *****************
 Defined at:
		line 118 in file "main.c"
 Parameters:    Size  Location     Type
		None
 Auto vars:     Size  Location     Type
		None
 Return value:  Size  Location     Type
                  1    wreg      void 
 Registers used:
		wreg, status,2
 Tracked objects:
		On entry : 
		On exit  : 
		Unchanged: 
 Data sizes:     COMMON   BANK0
      Params:         0       0
      Locals:         0       0
      Temps:          0       0
      Totals:         0       0
Total ram usage:        0 bytes
 Hardware stack levels used:    1
 Hardware stack levels required when called:    2
 This function calls:
		Nothing
 This function is called by:
		_main
 This function uses a non-reentrant model


 *************** function _readKey *****************
 Defined at:
		line 33 in file "main.c"
 Parameters:    Size  Location     Type
		None
 Auto vars:     Size  Location     Type
		None
 Return value:  Size  Location     Type
                  1    wreg      unsigned char 
 Registers used:
		wreg, status,2, status,0, pclath, cstack
 Tracked objects:
		On entry : 
		On exit  : 
		Unchanged: 
 Data sizes:     COMMON   BANK0
      Params:         0       0
      Locals:         0       0
      Temps:          0       2
      Totals:         0       2
Total ram usage:        2 bytes
 Hardware stack levels used:    1
 Hardware stack levels required when called:    3
 This function calls:
		___awmod
 This function is called by:
		_main
 This function uses a non-reentrant model


 *************** function ___awmod *****************
 Defined at:
		line 6 in file "E:\Programs\Microchip\xc8\v1.45\sources\common\awmod.c"
 Parameters:    Size  Location     Type
  divisor         2    6[BANK0 ] int 
  dividend        2    8[BANK0 ] int 
 Auto vars:     Size  Location     Type
  sign            1   12[BANK0 ] unsigned char 
  counter         1   11[BANK0 ] unsigned char 
 Return value:  Size  Location     Type
                  2    6[BANK0 ] int 
 Registers used:
		wreg, status,2, status,0
 Tracked objects:
		On entry : 
		On exit  : 
		Unchanged: 
 Data sizes:     COMMON   BANK0
      Params:         0       4
      Locals:         0       2
      Temps:          0       1
      Totals:         0       7
Total ram usage:        7 bytes
 Hardware stack levels used:    1
 Hardware stack levels required when called:    2
 This function calls:
		Nothing
 This function is called by:
		_readKey
 This function uses a non-reentrant model


 *************** function _initCode *****************
 Defined at:
		line 96 in file "main.c"
 Parameters:    Size  Location     Type
		None
 Auto vars:     Size  Location     Type
		None
 Return value:  Size  Location     Type
                  1    wreg      void 
 Registers used:
		wreg, status,2, status,0
 Tracked objects:
		On entry : 
		On exit  : 
		Unchanged: 
 Data sizes:     COMMON   BANK0
      Params:         0       0
      Locals:         0       0
      Temps:          0       0
      Totals:         0       0
Total ram usage:        0 bytes
 Hardware stack levels used:    1
 Hardware stack levels required when called:    2
 This function calls:
		Nothing
 This function is called by:
		_main
 This function uses a non-reentrant model


 *************** function _tcInt *****************
 Defined at:
		line 104 in file "main.c"
 Parameters:    Size  Location     Type
		None
 Auto vars:     Size  Location     Type
		None
 Return value:  Size  Location     Type
                  1    wreg      void 
 Registers used:
		wreg, status,2, status,0, pclath, cstack
 Tracked objects:
		On entry : 
		On exit  : 
		Unchanged: 
 Data sizes:     COMMON   BANK0
      Params:         0       0
      Locals:         0       0
      Temps:          0       5
      Totals:         0       5
Total ram usage:        5 bytes
 Hardware stack levels used:    1
 Hardware stack levels required when called:    1
 This function calls:
		_nextCode
 This function is called by:
		Interrupt level 1
 This function uses a non-reentrant model


 *************** function _nextCode *****************
 Defined at:
		line 89 in file "main.c"
 Parameters:    Size  Location     Type
		None
 Auto vars:     Size  Location     Type
		None
 Return value:  Size  Location     Type
                  1    wreg      void 
 Registers used:
		wreg, status,2, status,0
 Tracked objects:
		On entry : 
		On exit  : 
		Unchanged: 
 Data sizes:     COMMON   BANK0
      Params:         0       0
      Locals:         0       0
      Temps:          0       1
      Totals:         0       1
Total ram usage:        1 bytes
 Hardware stack levels used:    1
 This function calls:
		Nothing
 This function is called by:
		_tcInt
 This function uses a non-reentrant model



MODULE INFORMATION

Module		Function		Class		Link	Load	Size
E:\Programs\Microchip\xc8\v1.45\sources\common\awmod.c
		___awmod       		CODE           	007B	0000	77

E:\Programs\Microchip\xc8\v1.45\sources\common\awmod.c estimated size: 77

shared
		__initialization		CODE           	0010	0000	5

shared estimated size: 5

main.c
		_nextCode      		CODE           	0114	0000	14
		_readKey       		CODE           	0016	0000	102
		_main          		CODE           	00C7	0000	48
		_initCode      		CODE           	0128	0000	8
		_stopTimer     		CODE           	012F	0000	3
		_startTimer    		CODE           	0121	0000	8
		_tcInt         		CODE           	00F6	0000	31

main.c estimated size: 214

